// Jest Snapshot v1, https://goo.gl/fbAQLP

exports[`Output/ArticleItem renders correctly 1`] = `
<div
  class="sd-list-item"
>
  <div
    class="sd-list-item__border"
  />
  <div
    class="sd-list-item__column sd-list-item__column--grow sd-list-item__column--no-border"
  >
    <div
      class="sd-list-item__row"
    >
      <span
        class="sd-overflow-ellipsis sd-list-item__headline"
      >
        Med test1.3
      </span>
      <time
        flow="right"
        sd-tooltip="2020–01–01T12:00:00+00:00"
        title="2020–01–01T12:00:00+00:00"
      >
        2020–01–01T12:00:00+00:00
      </time>
      <time
        flow="right"
        sd-tooltip="2020–01–01T12:00:00+00:00"
        title="2020–01–01T12:00:00+00:00"
      >
        (
        updated at
        : 
        2020–01–01T12:00:00+00:00
        )
      </time>
    </div>
    <div
      class="sd-list-item__row sd-list-item__row--wrap"
    >
      <span
        class="sd-d-inline-flex"
      >
        <a
          class="label label--success cursorPointer"
          href="https://sourcefabric.org/test"
          target="_blank"
        >
          <span>
             / 
          </span>
        </a>
      </span>
      <span
        class="sd-overflow-ellipsis"
      />
    </div>
  </div>
  <div
    class="sd-list-item__action-menu sd-list-item__action-menu--direction-row"
  >
    <button
      class="icn-btn"
      tabindex="0"
    >
      <i
        aria-hidden="true"
        aria-label="pencil"
        class="icon-pencil"
      />
    </button>
    <button
      class="icn-btn"
      tabindex="0"
    >
      <i
        aria-hidden="true"
        aria-label="expand-thin"
        class="icon-expand-thin"
      />
    </button>
  </div>
  <div
    class="modal modal--double"
    data-backdrop="static"
  >
    <div
      class="modal__dialog"
    >
      <div
        class="modal__content"
      />
    </div>
  </div>
</div>
`;
