// Jest Snapshot v1, https://goo.gl/fbAQLP

exports[`Output/Output renders properly 1`] = `
<div
  class="sd-page-content__content-block sd-page-content__content-block--double-sidebar"
>
  <div
    class="subnav"
  >
    <button
      class="navbtn navbtn--left navbtn--darker"
      flow="right"
      sd-tooltip="Filter"
    >
      <i
        class="icon-filter-large"
      />
    </button>
    <h3
      class="subnav__page-title sd-flex-no-grow"
    >
      Output Control
    </h3>
    <div
      class="flat-searchbar search-handler--left-border"
    >
      <div
        class="search-handler search-handler--left-border"
      >
        <label
          class="trigger-icon"
          for="search-input"
        >
          <i
            class="icon-search"
          />
        </label>
        <input
          placeholder="Search"
          type="text"
          value=""
        />
      </div>
    </div>
  </div>
  <div
    class="subnav subnav--lower-z-index"
  >
    <div
      class="subnav__content-bar"
    >
      <div
        style="margin-left: 1rem;"
      >
        <div
          class="sd-check-button__group sd-check-button__group--left"
        >
          <span
            class="sd-check-button sd-check-button--native"
            tabindex="-1"
          >
            <input
              class="sd-check-button__input"
              id="id10"
              name="id1"
              tabindex="0"
              type="radio"
            />
            <label
              class="sd-check-button__text-label"
              for="id10"
            >
              <span
                class="sd-check-button__text-label-inner"
              >
                Incoming
              </span>
            </label>
          </span>
          <span
            class="sd-check-button sd-check-button--native"
            tabindex="-1"
          >
            <input
              class="sd-check-button__input"
              id="id11"
              name="id1"
              tabindex="0"
              type="radio"
            />
            <label
              class="sd-check-button__text-label"
              for="id11"
            >
              <span
                class="sd-check-button__text-label-inner"
              >
                Published
              </span>
            </label>
          </span>
        </div>
      </div>
    </div>
    <div
      class="subnav__content-bar sd-flex-wrap ml-auto sd-padding-l--1"
    >
      <div
        class="dropdown dropdown--align-right"
        flow="left"
      >
        <span>
          <button
            class="dropdown__toggle"
          >
            Updated
            <span
              class="dropdown__caret"
            />
          </button>
        </span>
        <ul
          class="dropdown__menu dropdown--align-right"
        >
          <li>
            <button>
               
              Updated
            </button>
          </li>
          <li>
            <button>
               
              Created
            </button>
          </li>
        </ul>
      </div>
      <button
        class="icn-btn"
        tabindex="0"
      >
        <i
          aria-hidden="true"
          aria-label="descending"
          class="icon-descending"
        />
      </button>
    </div>
    <div
      class="subnav__spacer subnav__spacer--no-margin"
    />
    <div
      class="subnav__content-bar sd-flex-wrap sd-padding-l--1 ui-responsive-small--d-none ui-responsive-small--d-block if-authoring--d-none"
    >
      <div
        class="sd-margin-r--1"
      >
        <span>
           
          Incoming
          :
        </span>
        <span
          class="sd-margin-l--0-5"
        >
          <span
            class="badge"
          >
            0
          </span>
        </span>
      </div>
      <div>
        <span>
           
          Published
          :
        </span>
        <span
          class="sd-margin-l--0-5"
        >
          <span
            class="badge"
          >
            0
          </span>
        </span>
      </div>
    </div>
    <div
      class="subnav__spacer subnav__spacer--no-margin"
    />
    <div
      class="subnav__content-bar sd-flex-no-shrink sd-margin-x--0"
    >
      <div
        class="dropdown dropdown--align-right"
      >
        <span>
          <button
            class="dropdown__toggle navbtn navbtn--text-only dropdown-toggle"
          >
            All Languages
            <span
              class="dropdown__caret"
            />
          </button>
        </span>
        <ul
          class="dropdown__menu dropdown__menu--scrollable"
        >
          <li>
            <button>
              All Languages
            </button>
          </li>
          <li
            class="dropdown__menu-divider"
          />
          <li>
            <button>
              Polish
            </button>
          </li>
          <li>
            <button>
              English
            </button>
          </li>
          <li>
            <button>
              German
            </button>
          </li>
        </ul>
      </div>
    </div>
  </div>
  <div
    class="sd-column-box--3"
  >
    <div
      class="sd-filters-panel sd-filters-panel--border-right"
    >
      <div
        class="side-panel side-panel--transparent side-panel--shadow-right"
      >
        <div
          class="side-panel__header side-panel__header--border-b"
        >
          <span
            class="side-panel__close"
          >
            <button
              class="icn-btn"
              tabindex="0"
            >
              <i
                aria-hidden="true"
                aria-label="close-small"
                class="icon-close-small"
              />
            </button>
          </span>
          <h3
            class="side-panel__heading side-panel__heading--big"
          >
            Advanced Filter
          </h3>
        </div>
        <div
          class="side-panel__content"
        >
          <div
            class="side-panel__content-block"
          >
            <div
              class="form__row"
            >
              <div
                class="sd-line-input sd-line-input--no-margin sd-line-input--with-button"
              >
                <label
                  class="sd-line-input__label"
                >
                  Routes
                </label>
                div
              </div>
            </div>
            <div
              class="form__row"
            >
              <div
                class="sd-line-input sd-line-input--no-margin sd-line-input--with-button"
              >
                <label
                  class="sd-line-input__label"
                >
                  Authors
                </label>
                <div
                  class=" css-ewg31r-container"
                >
                  <div
                    class=" css-1bpltnu-control"
                  >
                    <div
                      class=" css-g1d714-ValueContainer"
                    >
                      <div
                        class=" css-1wa3eu0-placeholder"
                      >
                        Select...
                      </div>
                      <div
                        class="css-b8ldur-Input"
                      >
                        <div
                          class=""
                          style="display: inline-block;"
                        >
                          <input
                            aria-autocomplete="list"
                            autocapitalize="none"
                            autocomplete="off"
                            autocorrect="off"
                            id="react-select-2-input"
                            spellcheck="false"
                            style="box-sizing: content-box; width: 2px; border: 0px; font-size: inherit; opacity: 1; outline: 0; padding: 0px;"
                            tabindex="0"
                            type="text"
                            value=""
                          />
                          <div
                            style="position: absolute; top: 0px; left: 0px; visibility: hidden; height: 0px; overflow: scroll; white-space: pre; font-size: inherit; font-family: -webkit-small-control; letter-spacing: normal; text-transform: none;"
                          />
                        </div>
                      </div>
                    </div>
                    <div
                      class=" css-1rkxiuv-IndicatorsContainer"
                    >
                      <div
                        aria-hidden="true"
                        class=" css-at12u2-loadingIndicator"
                      >
                        <span
                          class="css-1yvy2vo-LoadingDot"
                        />
                        <span
                          class="css-zoievk-LoadingDot"
                        />
                        <span
                          class="css-x748d8-LoadingDot"
                        />
                      </div>
                      <span
                        class=" css-1xjgjl1-IndicatorSeparator"
                      />
                      <div
                        aria-hidden="true"
                        class=" css-tlfecz-indicatorContainer"
                      >
                        <svg
                          aria-hidden="true"
                          class="css-6q0nyr-Svg"
                          focusable="false"
                          height="20"
                          viewBox="0 0 20 20"
                          width="20"
                        >
                          <path
                            d="M4.516 7.548c0.436-0.446 1.043-0.481 1.576 0l3.908 3.747 3.908-3.747c0.533-0.481 1.141-0.446 1.574 0 0.436 0.445 0.408 1.197 0 1.615-0.406 0.418-4.695 4.502-4.695 4.502-0.217 0.223-0.502 0.335-0.787 0.335s-0.57-0.112-0.789-0.335c0 0-4.287-4.084-4.695-4.502s-0.436-1.17 0-1.615z"
                          />
                        </svg>
                      </div>
                    </div>
                  </div>
                </div>
              </div>
            </div>
            <div
              class="form__row form__row--flex"
            >
              <div
                class="sd-line-input sd-line-input--no-margin form__row-item"
              >
                <label
                  class="sd-line-input__label"
                >
                  Published after
                </label>
                <span
                  class="p-calendar p-inputwrapper p-calendar-w-btn"
                  id="pr_id_1"
                >
                  <input
                    autocomplete="off"
                    class="p-inputtext p-component"
                    inputmode="none"
                    type="text"
                  />
                  <button
                    class="p-button p-component p-datepicker-trigger p-button-icon-only"
                    tabindex="-1"
                    type="button"
                  >
                    <span
                      class="icon-calendar p-c"
                    />
                    <span
                      class="p-button-label p-c"
                    >
                       
                    </span>
                  </button>
                </span>
              </div>
              <div
                class="form__row-item sd-line-input sd-line-input--no-margin"
              >
                <label
                  class="sd-line-input__label"
                >
                  Published before
                </label>
                <span
                  class="p-calendar p-inputwrapper p-calendar-w-btn"
                  id="pr_id_2"
                >
                  <input
                    autocomplete="off"
                    class="p-inputtext p-component"
                    inputmode="none"
                    type="text"
                  />
                  <button
                    class="p-button p-component p-datepicker-trigger p-button-icon-only"
                    tabindex="-1"
                    type="button"
                  >
                    <span
                      class="icon-calendar p-c"
                    />
                    <span
                      class="p-button-label p-c"
                    >
                       
                    </span>
                  </button>
                </span>
              </div>
            </div>
            <div
              class="form__row"
            >
              <div
                class="sd-line-input"
              >
                <label
                  class="sd-line-input__label"
                >
                  Ingest source
                </label>
                div
              </div>
            </div>
          </div>
        </div>
        <div
          class="side-panel__footer side-panel__footer--button-box"
        >
          <div
            class="flex-grid flex-grid--boxed-small flex-grid--small-2"
          >
            <button
              aria-label=""
              class="btn btn--hollow"
              tabindex="0"
            >
              Clear
            </button>
            <button
              aria-label=""
              class="btn btn--primary"
              tabindex="0"
            >
              Filter
            </button>
          </div>
        </div>
      </div>
    </div>
    <div
      class="sd-column-box__main-column relative"
    >
      <div
        class="sd-loader"
        style="z-index: 1;"
      />
    </div>
  </div>
</div>
`;
