// Jest Snapshot v1, https://goo.gl/fbAQLP

exports[`Output/Subnav renders correctly 1`] = `
<div
  class="subnav subnav--lower-z-index"
>
  <div
    class="subnav__content-bar"
  >
    <div
      style="margin-left: 1rem;"
    >
      <div
        class="sd-check-button__group sd-check-button__group--left"
      >
        <span
          class="sd-check-button sd-check-button--native"
          tabindex="-1"
        >
          <input
            class="sd-check-button__input"
            id="id10"
            name="id1"
            tabindex="0"
            type="radio"
          />
          <label
            class="sd-check-button__text-label"
            for="id10"
          >
            <span
              class="sd-check-button__text-label-inner"
            >
              Incoming
            </span>
          </label>
        </span>
        <span
          class="sd-check-button sd-check-button--native"
          tabindex="-1"
        >
          <input
            class="sd-check-button__input"
            id="id11"
            name="id1"
            tabindex="0"
            type="radio"
          />
          <label
            class="sd-check-button__text-label"
            for="id11"
          >
            <span
              class="sd-check-button__text-label-inner"
            >
              Published
            </span>
          </label>
        </span>
      </div>
    </div>
  </div>
  <div
    class="subnav__content-bar sd-flex-wrap ml-auto sd-padding-l--1"
  >
    <div
      class="dropdown dropdown--align-right"
      flow="left"
    >
      <span>
        <button
          class="dropdown__toggle"
        >
          Created
          <span
            class="dropdown__caret"
          />
        </button>
      </span>
      <ul
        class="dropdown__menu dropdown--align-right"
      >
        <li>
          <button>
             
            Updated
          </button>
        </li>
        <li>
          <button>
             
            Created
          </button>
        </li>
      </ul>
    </div>
    <button
      class="icn-btn"
      tabindex="0"
    >
      <i
        aria-hidden="true"
        aria-label="ascending"
        class="icon-ascending"
      />
    </button>
  </div>
  <div
    class="subnav__spacer subnav__spacer--no-margin"
  />
  <div
    class="subnav__content-bar sd-flex-wrap sd-padding-l--1 ui-responsive-small--d-none ui-responsive-small--d-block if-authoring--d-none"
  >
    <div
      class="sd-margin-r--1"
    >
      <span>
         
        Incoming
        :
      </span>
      <span
        class="sd-margin-l--0-5"
      >
        <span
          class="badge"
        >
          0
        </span>
      </span>
    </div>
    <div>
      <span>
         
        Published
        :
      </span>
      <span
        class="sd-margin-l--0-5"
      >
        <span
          class="badge"
        >
          0
        </span>
      </span>
    </div>
  </div>
</div>
`;
